============================= test session starts =============================
platform win32 -- Python 3.13.14, pytest-8.2.0, pluggy-1.6.0 -- C:\Users\Aakaash Padhmanaban\AppData\Local\Programs\Python\Python313\python.exe
cachedir: .pytest_cache
rootdir: C:\Work\enterprise agent l1 automation\agentic-l1-platform\backend
plugins: anyio-4.14.1, asyncio-0.23.6
asyncio: mode=Mode.STRICT
collecting ... collected 27 items

tests/test_l1_use_cases.py::test_vpn_account_unlock FAILED               [  3%]
tests/test_l1_use_cases.py::test_password_reset FAILED                   [  7%]
tests/test_l1_use_cases.py::test_group_validation_nonmember PASSED       [ 11%]
tests/test_l1_use_cases.py::test_group_validation_success PASSED         [ 14%]
tests/test_l1_use_cases.py::test_general_it PASSED                       [ 18%]
